# Files intentionally removed by this update.
CHANGELOG_v0.2.4.md
CODEX_MCP_SETUP.md
CODEX_START_PROMPT.md
CODE_REVIEW.md
DIRECT_DEBUG_AUTOMATION_v0.5.39.md
DIRECT_DEBUG_AUTOMATION_v0.5.41.md
MATRIX_REVIEW_20260827_221623.md
MATRIX_REVIEW_20260827_232446.md
MATRIX_REVIEW_20260828_002208.md
MATRIX_REVIEW_20260828_010837.md
MATRIX_REVIEW_20260828_015224.md
MATRIX_REVIEW_20260828_034725.md
MCP_COMSKIP_AUTOMATION_v0.5.16.md
MCP_PLAYBACK_AUTOMATION_v0.5.11.md
MCP_PLAYBACK_AUTOMATION_v0.5.12.md
MCP_PLAYBACK_AUTOMATION_v0.5.13.md
MCP_PLAYBACK_AUTOMATION_v0.5.14.md
MCP_PLAYBACK_AUTOMATION_v0.5.15.md
MCP_PLAYBACK_AUTOMATION_v0.5.17.md
MCP_SESSION_AUTOMATION_v0.5.18.md
MEDIA3_COMSKIP_MATRIX_v0.5.29.md
MEDIA3_COMSKIP_MATRIX_v0.5.31.md
MEDIA3_PUSH_PULL_MATRIX_v0.5.28.md
PHASE_A_FOLLOWUP_TEST.md
PHASE_A_FOLLOWUP_TEST_v0.5.7.md
PHASE_A_FOLLOWUP_TEST_v0.5.8.md
PHASE_A_FOLLOWUP_TEST_v0.5.9.md
PHASE_A_PUSH_TEST_v0.5.10.md
PHASE_A_SEEK_TEST.md
PLAYER_TEST_HARNESS_v0.5.46.md
PLAYER_TEST_HARNESS_v0.5.47.md
QUESTIONS.md
SOURCE_BOOTSTRAP.md
SOURCE_IMPORT.md
TASK_CODEX.md
UPDATE_v0.2.10.txt
UPDATE_v0.2.3.txt
UPDATE_v0.2.4.txt
UPDATE_v0.2.5.txt
UPDATE_v0.2.6.txt
UPDATE_v0.2.7.txt
UPDATE_v0.2.8.txt
UPDATE_v0.2.9.txt
UPDATE_v0.3.0.txt
UPDATE_v0.3.1.txt
UPDATE_v0.3.2.txt
UPDATE_v0.3.3.txt
UPDATE_v0.3.4.txt
UPDATE_v0.3.5.txt
UPDATE_v0.3.6.txt
UPDATE_v0.3.7.txt
UPDATE_v0.3.8.txt
UPDATE_v0.4.0.txt
UPDATE_v0.4.1.txt
UPDATE_v0.4.2.txt
UPDATE_v0.4.4.txt
UPDATE_v0.4.5.txt
UPDATE_v0.4.6.txt
UPDATE_v0.4.7.txt
UPDATE_v0.4.8.txt
UPDATE_v0.4.9.txt
UPDATE_v0.5.0.txt
UPDATE_v0.5.1.txt
UPDATE_v0.5.11.txt
UPDATE_v0.5.12.txt
UPDATE_v0.5.13.txt
UPDATE_v0.5.19.txt
UPDATE_v0.5.2.txt
UPDATE_v0.5.20.txt
UPDATE_v0.5.23.txt
UPDATE_v0.5.24.txt
UPDATE_v0.5.26.txt
UPDATE_v0.5.27.txt
UPDATE_v0.5.28.txt
UPDATE_v0.5.3.txt
UPDATE_v0.5.30.txt
UPDATE_v0.5.31.txt
UPDATE_v0.5.32.txt
UPDATE_v0.5.33.txt
UPDATE_v0.5.34.txt
UPDATE_v0.5.35.txt
UPDATE_v0.5.36.txt
UPDATE_v0.5.37.txt
UPDATE_v0.5.39.txt
UPDATE_v0.5.41.txt
UPDATE_v0.5.42.txt
UPDATE_v0.5.43.txt
UPDATE_v0.5.44.txt
UPDATE_v0.5.45.txt
UPDATE_v0.5.46.txt
UPDATE_v0.5.47.txt
UPDATE_v0.5.48.txt
UPDATE_v0.5.49.txt
UPDATE_v0.5.5.txt
UPDATE_v0.5.50.txt
UPDATE_v0.5.51.txt
UPDATE_v0.5.52.txt
UPDATE_v0.5.54.txt
UPDATE_v0.5.55.txt
UPDATE_v0.5.56.txt
UPDATE_v0.5.57.txt
UPDATE_v0.5.58.txt
UPDATE_v0.5.59.txt
UPDATE_v0.5.60.txt
UPDATE_v0.5.61.txt
UPDATE_v0.5.62.txt
UPDATE_v0.5.63.txt
UPDATE_v0.5.64.txt
UPDATE_v0.5.65.txt
UPDATE_v0.5.66.txt
UPDATE_v0.5.67.txt
UPDATE_v0.5.68.txt
UPDATE_v0.5.70.txt
UPDATE_v0.5.70_REPAIR.txt
UPDATE_v0.5.71.txt
UPDATE_v0.5.74.txt
UPDATE_v0.5.75.txt
WINDOWS_SETUP.md
build_existing_app.sh
compile_existing_app.sh
docker-compose.yml
docker/Dockerfile
docs/PHASE1_VALIDATION.md
scripts/build_docker.sh
scripts/build_existing_app.sh
scripts/build_local.sh
scripts/compile_existing_app.sh
scripts/connect_firetv.sh
scripts/install_firetv.sh
scripts/setup_windows_root.ps1
scripts/setup_windows_root.sh
source/dev/android-shared/src/main/java/sagex/miniclient/android/AddServerFragment.java
source/dev/android-shared/src/main/java/sagex/miniclient/android/AndroidKeyEventMapper.java
source/dev/android-shared/src/main/java/sagex/miniclient/android/AndroidMediaCommandHandler.java
source/dev/android-shared/src/main/java/sagex/miniclient/android/AndroidMiniClientOptions.java
source/dev/android-shared/src/main/java/sagex/miniclient/android/AppUtil.java
source/dev/android-shared/src/main/java/sagex/miniclient/android/AutoConnectDialog.java
source/dev/android-shared/src/main/java/sagex/miniclient/android/HelpDialogFragment.java
source/dev/android-shared/src/main/java/sagex/miniclient/android/MiniclientApplication.java
source/dev/android-shared/src/main/java/sagex/miniclient/android/MiniclientService.java
source/dev/android-shared/src/main/java/sagex/miniclient/android/NavigationFragment.java
source/dev/android-shared/src/main/java/sagex/miniclient/android/OttoBusImpl.java
source/dev/android-shared/src/main/java/sagex/miniclient/android/UIActivityLifeCycleHandler.java
source/dev/android-shared/src/main/java/sagex/miniclient/android/VideoInfoFragment.java
source/dev/android-shared/src/main/java/sagex/miniclient/android/connect/ConnectingActivity.java
source/dev/android-shared/src/main/java/sagex/miniclient/android/events/BackPressedEvent.java
source/dev/android-shared/src/main/java/sagex/miniclient/android/events/ChangePlayerOneTime.java
source/dev/android-shared/src/main/java/sagex/miniclient/android/events/CloseAppEvent.java
source/dev/android-shared/src/main/java/sagex/miniclient/android/events/HideKeyboardEvent.java
source/dev/android-shared/src/main/java/sagex/miniclient/android/events/HideNavigationEvent.java
source/dev/android-shared/src/main/java/sagex/miniclient/android/events/HideSystemUIEvent.java
source/dev/android-shared/src/main/java/sagex/miniclient/android/events/MessageEvent.java
source/dev/android-shared/src/main/java/sagex/miniclient/android/events/ToggleAspectRatioEvent.java
source/dev/android-shared/src/main/java/sagex/miniclient/android/gdx/GdxTexture.java
source/dev/android-shared/src/main/java/sagex/miniclient/android/gdx/MiniClientGDXActivity.java
source/dev/android-shared/src/main/java/sagex/miniclient/android/gdx/MiniClientGDXRenderer.java
source/dev/android-shared/src/main/java/sagex/miniclient/android/gdx/SageShapeRenderer.java
source/dev/android-shared/src/main/java/sagex/miniclient/android/opengl/MainOpenGLSurface.java
source/dev/android-shared/src/main/java/sagex/miniclient/android/opengl/MiniClientOpenGLActivity.java
source/dev/android-shared/src/main/java/sagex/miniclient/android/opengl/OpenGLRenderer.java
source/dev/android-shared/src/main/java/sagex/miniclient/android/opengl/OpenGLSurface.java
source/dev/android-shared/src/main/java/sagex/miniclient/android/opengl/OpenGLSurfaceView.java
source/dev/android-shared/src/main/java/sagex/miniclient/android/opengl/OpenGLTexture.java
source/dev/android-shared/src/main/java/sagex/miniclient/android/opengl/OpenGLUtils.java
source/dev/android-shared/src/main/java/sagex/miniclient/android/opengl/shaders/DefaultShader.java
source/dev/android-shared/src/main/java/sagex/miniclient/android/opengl/shaders/Shader.java
source/dev/android-shared/src/main/java/sagex/miniclient/android/opengl/shaders/TextureShader.java
source/dev/android-shared/src/main/java/sagex/miniclient/android/opengl/shapes/Circle.java
source/dev/android-shared/src/main/java/sagex/miniclient/android/opengl/shapes/FillRectangle.java
source/dev/android-shared/src/main/java/sagex/miniclient/android/opengl/shapes/Line.java
source/dev/android-shared/src/main/java/sagex/miniclient/android/opengl/shapes/LineRectangle.java
source/dev/android-shared/src/main/java/sagex/miniclient/android/preferences/MediaMappingPreferences.java
source/dev/android-shared/src/main/java/sagex/miniclient/android/preferences/TouchPreferences.java
source/dev/android-shared/src/main/java/sagex/miniclient/android/prefs/AndroidPrefStore.java
source/dev/android-shared/src/main/java/sagex/miniclient/android/ui/AndroidUIController.java
source/dev/android-shared/src/main/java/sagex/miniclient/android/ui/MiniClientKeyListener.java
source/dev/android-shared/src/main/java/sagex/miniclient/android/ui/MiniclientTouchListener.java
source/dev/android-shared/src/main/java/sagex/miniclient/android/ui/UIGestureListener.java
source/dev/android-shared/src/main/java/sagex/miniclient/android/ui/keymaps/DebugKeyEvent.java
source/dev/android-shared/src/main/java/sagex/miniclient/android/ui/keymaps/DebugKeyPressWindow.java
source/dev/android-shared/src/main/java/sagex/miniclient/android/ui/keymaps/DefaultKeyMap.java
source/dev/android-shared/src/main/java/sagex/miniclient/android/ui/keymaps/GuideKeyMap.java
source/dev/android-shared/src/main/java/sagex/miniclient/android/ui/keymaps/KeyMap.java
source/dev/android-shared/src/main/java/sagex/miniclient/android/ui/keymaps/KeyMapProcessor.java
source/dev/android-shared/src/main/java/sagex/miniclient/android/ui/keymaps/PluginListKeyMap.java
source/dev/android-shared/src/main/java/sagex/miniclient/android/ui/keymaps/VideoPausedKeyMap.java
source/dev/android-shared/src/main/java/sagex/miniclient/android/ui/keymaps/VideoPlaybackKeyMap.java
source/dev/android-shared/src/main/java/sagex/miniclient/android/ui/settings/CodecAdapter.java
source/dev/android-shared/src/main/java/sagex/miniclient/android/ui/settings/CodecContainerActivity.java
source/dev/android-shared/src/main/java/sagex/miniclient/android/ui/settings/CodecContainerFragment.java
source/dev/android-shared/src/main/java/sagex/miniclient/android/ui/settings/CodecDialogFragment.java
source/dev/android-shared/src/main/java/sagex/miniclient/android/ui/settings/ExoPlayerSettingsActivity.java
source/dev/android-shared/src/main/java/sagex/miniclient/android/ui/settings/ExoPlayerSettingsFragment.java
source/dev/android-shared/src/main/java/sagex/miniclient/android/ui/settings/FixedRemuxingActivity.java
source/dev/android-shared/src/main/java/sagex/miniclient/android/ui/settings/FixedRemuxingFragment.java
source/dev/android-shared/src/main/java/sagex/miniclient/android/ui/settings/FixedTranscodingActivity.java
source/dev/android-shared/src/main/java/sagex/miniclient/android/ui/settings/FixedTranscodingFragment.java
source/dev/android-shared/src/main/java/sagex/miniclient/android/ui/settings/GSYPlayerSettingsActivity.java
source/dev/android-shared/src/main/java/sagex/miniclient/android/ui/settings/GSYPlayerSettingsFragment.java
source/dev/android-shared/src/main/java/sagex/miniclient/android/ui/settings/IJKPlayerSettingsActivity.java
source/dev/android-shared/src/main/java/sagex/miniclient/android/ui/settings/IJKPlayerSettingsFragment.java
source/dev/android-shared/src/main/java/sagex/miniclient/android/ui/settings/Media3PlayerSettingsActivity.java
source/dev/android-shared/src/main/java/sagex/miniclient/android/ui/settings/Media3PlayerSettingsFragment.java
source/dev/android-shared/src/main/java/sagex/miniclient/android/ui/settings/MediaMappingsActivity.java
source/dev/android-shared/src/main/java/sagex/miniclient/android/ui/settings/MediaMappingsFragment.java
source/dev/android-shared/src/main/java/sagex/miniclient/android/ui/settings/PreferenceUtils.java
source/dev/android-shared/src/main/java/sagex/miniclient/android/ui/settings/SettingsActivity.java
source/dev/android-shared/src/main/java/sagex/miniclient/android/ui/settings/SettingsFragment.java
source/dev/android-shared/src/main/java/sagex/miniclient/android/ui/settings/TouchMappingsActivity.java
source/dev/android-shared/src/main/java/sagex/miniclient/android/ui/settings/TouchMappingsFragment.java
source/dev/android-shared/src/main/java/sagex/miniclient/android/util/AudioUtil.java
source/dev/android-shared/src/main/java/sagex/miniclient/android/util/Logger.java
source/dev/android-shared/src/main/java/sagex/miniclient/android/util/NetUtil.java
source/dev/android-shared/src/main/java/sagex/miniclient/android/util/ServerInfoComparator.java
source/dev/android-shared/src/main/java/sagex/miniclient/android/util/ServerInfoUtil.java
source/dev/android-shared/src/main/java/sagex/miniclient/android/video/AndroidCodecPolicy.java
source/dev/android-shared/src/main/java/sagex/miniclient/android/video/BaseMediaPlayerImpl.java
source/dev/android-shared/src/main/java/sagex/miniclient/android/video/DecodingMethod.java
source/dev/android-shared/src/main/java/sagex/miniclient/android/video/MediaSessionCallbackHandler.java
source/dev/android-shared/src/main/java/sagex/miniclient/android/video/PlaybackDebugTrap.java
source/dev/android-shared/src/main/java/sagex/miniclient/android/video/PlayerBackend.java
source/dev/android-shared/src/main/java/sagex/miniclient/android/video/PlayerFactory.java
source/dev/android-shared/src/main/java/sagex/miniclient/android/video/PlayerRuntimeTuning.java
source/dev/android-shared/src/main/java/sagex/miniclient/android/video/PlayerSurfaceView.java
source/dev/android-shared/src/main/java/sagex/miniclient/android/video/PlayerTelemetry.java
source/dev/android-shared/src/main/java/sagex/miniclient/android/video/exlink/ExternalLinkPlayerImpl.java
source/dev/android-shared/src/main/java/sagex/miniclient/android/video/exoplayer2/CustomMediaCodecSelector.java
source/dev/android-shared/src/main/java/sagex/miniclient/android/video/exoplayer2/Exo2MediaPlayerImpl.java
source/dev/android-shared/src/main/java/sagex/miniclient/android/video/exoplayer2/Exo2PullDataSource.java
source/dev/android-shared/src/main/java/sagex/miniclient/android/video/exoplayer2/Exo2PushDataSource.java
source/dev/android-shared/src/main/java/sagex/miniclient/android/video/gsy/GSYMediaPlayerImpl.java
source/dev/android-shared/src/main/java/sagex/miniclient/android/video/gsy/GSYPlayerEngine.java
source/dev/android-shared/src/main/java/sagex/miniclient/android/video/gsy/GSYSystemMediaPlayerImpl.java
source/dev/android-shared/src/main/java/sagex/miniclient/android/video/gsy/SagePullMediaDataSource.java
source/dev/android-shared/src/main/java/sagex/miniclient/android/video/gsy/SagePushMediaDataSource.java
source/dev/android-shared/src/main/java/sagex/miniclient/android/video/ijkplayer/CodecSelector.java
source/dev/android-shared/src/main/java/sagex/miniclient/android/video/ijkplayer/IJKMediaPlayerImpl.java
source/dev/android-shared/src/main/java/sagex/miniclient/android/video/ijkplayer/IJKPullMediaSource.java
source/dev/android-shared/src/main/java/sagex/miniclient/android/video/ijkplayer/IJKPushMediaSource.java
source/dev/android-shared/src/main/java/sagex/miniclient/android/video/ijkplayer/IjkDecoderOptions.java
source/dev/android-shared/src/main/java/sagex/miniclient/android/video/media3/Media3CodecSelector.java
source/dev/android-shared/src/main/java/sagex/miniclient/android/video/media3/Media3MediaPlayerImpl.java
source/dev/android-shared/src/main/java/sagex/miniclient/android/video/media3/Media3PullDataSource.java
source/dev/android-shared/src/main/java/sagex/miniclient/android/video/media3/Media3PushDataSource.java
source/dev/android-tv/src/debug/java/sagex/miniclient/android/tv/debug/DevTestReceiver.java
source/dev/android-tv/src/debug/java/sagex/miniclient/android/tv/debug/PlaybackEventTraps.java
source/dev/android-tv/src/debug/java/sagex/miniclient/android/tv/debug/PlaybackHealthProbe.java
source/dev/android-tv/src/main/java/sagex/miniclient/android/phone/ServersActivity.java
source/dev/android-tv/src/main/java/sagex/miniclient/android/phone/ServersAdapter.java
source/dev/android-tv/src/main/java/sagex/miniclient/android/tv/MainActivity.java
source/dev/android-tv/src/main/java/sagex/miniclient/android/tv/MainFragment.java
source/dev/android-tv/src/main/java/sagex/miniclient/android/tv/ServerItemPresenter.java
source/dev/android-tv/src/main/java/sagex/miniclient/android/tv/ServersAdapter.java
source/dev/android-tv/src/main/java/sagex/miniclient/android/tv/Utils.java
source/dev/android-tv/src/main/java/sagex/miniclient/android/tv/actions/Action.java
source/dev/android-tv/src/main/java/sagex/miniclient/android/tv/actions/ActionPresenter.java
source/dev/android-tv/src/main/java/sagex/miniclient/android/tv/widgets/SortedObjectAdapter.java
source/dev/core/src/main/java/sagex/miniclient/DeadBus.java
source/dev/core/src/main/java/sagex/miniclient/GFXCMD2.java
source/dev/core/src/main/java/sagex/miniclient/IBus.java
source/dev/core/src/main/java/sagex/miniclient/ImageCache.java
source/dev/core/src/main/java/sagex/miniclient/MACAddressResolver.java
source/dev/core/src/main/java/sagex/miniclient/MediaCmd.java
source/dev/core/src/main/java/sagex/miniclient/MenuHint.java
source/dev/core/src/main/java/sagex/miniclient/MiniClient.java
source/dev/core/src/main/java/sagex/miniclient/MiniClientConnection.java
source/dev/core/src/main/java/sagex/miniclient/MiniClientOptions.java
source/dev/core/src/main/java/sagex/miniclient/MiniPlayerPlugin.java
source/dev/core/src/main/java/sagex/miniclient/PlaybackDebugEventBridge.java
source/dev/core/src/main/java/sagex/miniclient/SageCommand.java
source/dev/core/src/main/java/sagex/miniclient/SageTVInputCallback.java
source/dev/core/src/main/java/sagex/miniclient/SageTVLocatorService.java
source/dev/core/src/main/java/sagex/miniclient/ServerDiscovery.java
source/dev/core/src/main/java/sagex/miniclient/ServerInfo.java
source/dev/core/src/main/java/sagex/miniclient/Servers.java
source/dev/core/src/main/java/sagex/miniclient/UserEvent.java
source/dev/core/src/main/java/sagex/miniclient/events/ConnectedEvent.java
source/dev/core/src/main/java/sagex/miniclient/events/ConnectionLost.java
source/dev/core/src/main/java/sagex/miniclient/events/DebugSageCommandEvent.java
source/dev/core/src/main/java/sagex/miniclient/events/ShowKeyboardEvent.java
source/dev/core/src/main/java/sagex/miniclient/events/ShowNavigationEvent.java
source/dev/core/src/main/java/sagex/miniclient/events/VideoInfoRefresh.java
source/dev/core/src/main/java/sagex/miniclient/events/VideoInfoShow.java
source/dev/core/src/main/java/sagex/miniclient/logging/ILogger.java
source/dev/core/src/main/java/sagex/miniclient/media/AndroidAudioEncoding.java
source/dev/core/src/main/java/sagex/miniclient/media/AudioCodec.java
source/dev/core/src/main/java/sagex/miniclient/media/Container.java
source/dev/core/src/main/java/sagex/miniclient/media/SubtitleCodec.java
source/dev/core/src/main/java/sagex/miniclient/media/SubtitleTrack.java
source/dev/core/src/main/java/sagex/miniclient/media/VideoCodec.java
source/dev/core/src/main/java/sagex/miniclient/net/BufferedPullDataSource.java
source/dev/core/src/main/java/sagex/miniclient/net/HasClose.java
source/dev/core/src/main/java/sagex/miniclient/net/HasPushBuffer.java
source/dev/core/src/main/java/sagex/miniclient/net/ISageTVDataSource.java
source/dev/core/src/main/java/sagex/miniclient/net/PushBufferDataSource.java
source/dev/core/src/main/java/sagex/miniclient/net/SimplePullDataSource.java
source/dev/core/src/main/java/sagex/miniclient/prefs/PrefStore.java
source/dev/core/src/main/java/sagex/miniclient/profiles/android.properties
source/dev/core/src/main/java/sagex/miniclient/profiles/desktop_mplayer.properties
source/dev/core/src/main/java/sagex/miniclient/uibridge/Dimension.java
source/dev/core/src/main/java/sagex/miniclient/uibridge/DimensionF.java
source/dev/core/src/main/java/sagex/miniclient/uibridge/Disposable.java
source/dev/core/src/main/java/sagex/miniclient/uibridge/EventRouter.java
source/dev/core/src/main/java/sagex/miniclient/uibridge/HandlesNativeGFXCommand.java
source/dev/core/src/main/java/sagex/miniclient/uibridge/Holder.java
source/dev/core/src/main/java/sagex/miniclient/uibridge/ImageHolder.java
source/dev/core/src/main/java/sagex/miniclient/uibridge/Keys.java
source/dev/core/src/main/java/sagex/miniclient/uibridge/LoggingUIRenderer.java
source/dev/core/src/main/java/sagex/miniclient/uibridge/MouseEvent.java
source/dev/core/src/main/java/sagex/miniclient/uibridge/Rectangle.java
source/dev/core/src/main/java/sagex/miniclient/uibridge/RectangleF.java
source/dev/core/src/main/java/sagex/miniclient/uibridge/Scale.java
source/dev/core/src/main/java/sagex/miniclient/uibridge/Texture.java
source/dev/core/src/main/java/sagex/miniclient/uibridge/UIRenderer.java
source/dev/core/src/main/java/sagex/miniclient/util/AspectHelper.java
source/dev/core/src/main/java/sagex/miniclient/util/AspectModeManager.java
source/dev/core/src/main/java/sagex/miniclient/util/ClientIDGenerator.java
source/dev/core/src/main/java/sagex/miniclient/util/DataCollector.java
source/dev/core/src/main/java/sagex/miniclient/util/IOUtil.java
source/dev/core/src/main/java/sagex/miniclient/util/RandomMACAddressResolver.java
source/dev/core/src/main/java/sagex/miniclient/util/StaticFieldMapper.java
source/dev/core/src/main/java/sagex/miniclient/util/Utils.java
source/dev/core/src/main/java/sagex/miniclient/util/VerboseLogging.java
source/dev/core/src/main/java/sagex/miniclient/util/VideoInfo.java
source/dev/core/src/main/java/sagex/miniclient/video/HasVideoInfo.java
source/dev/core/src/main/java/sagex/miniclient/video/STVStreamConnection.java
source/dev/core/src/main/java/sagex/miniclient/video/VideoInfoResponse.java
source/dev/core/src/test/java/sagex/miniclient/media/audioCodecTest.java
source/dev/core/src/test/java/sagex/miniclient/net/BufferedPullDataSourceTest.java
source/dev/core/src/test/java/sagex/miniclient/net/MockInputStream.java
source/dev/core/src/test/java/sagex/miniclient/net/SimplePullDataSourceTest.java
source/dev/core/src/test/java/sagex/miniclient/net/TestClientID.java
source/dev/core/src/test/java/sagex/miniclient/uibridge/RectangleFTest.java
source/dev/core/src/test/java/sagex/miniclient/util/AspectHelperTest.java
source/dev/core/src/test/java/sagex/miniclient/util/AspectModeManagerTest.java
source/dev/desktop/app/src/main/java/sagex/miniclient/desktop/AbstractMediaPlayerImpl.java
source/dev/desktop/app/src/main/java/sagex/miniclient/desktop/DesktopBus.java
source/dev/desktop/app/src/main/java/sagex/miniclient/desktop/DesktopClientOptions.java
source/dev/desktop/app/src/main/java/sagex/miniclient/desktop/DesktopClientRenderer.java
source/dev/desktop/app/src/main/java/sagex/miniclient/desktop/DesktopMain.java
source/dev/desktop/app/src/main/java/sagex/miniclient/desktop/DesktopMainController.java
source/dev/desktop/app/src/main/java/sagex/miniclient/desktop/MiniClientInstance.java
source/dev/desktop/app/src/main/java/sagex/miniclient/desktop/MiniClientWindow.java
source/dev/desktop/app/src/main/java/sagex/miniclient/desktop/ServerItemCell.java
source/dev/desktop/app/src/main/java/sagex/miniclient/desktop/swing/BufferedImageTexture.java
source/dev/desktop/app/src/main/java/sagex/miniclient/web/ClientServer.java
source/dev/desktop/app/src/main/java/sagex/miniclient/web/ConnectionResponse.java
source/dev/desktop/app/src/main/java/sagex/miniclient/web/JsonTransformer.java
source/dev/desktop/app/src/main/java/sagex/miniclient/web/UIWebSocket.java
source/dev/desktop/app/src/main/java/sagex/miniclient/web/WebTexture.java
source/dev/desktop/app/src/main/java/sagex/miniclient/web/WebUIRenderer.java
source/dev/desktop/app/src/main/resources/sagex/miniclient/desktop/DesktopMain.fxml
source/dev/desktop/app/src/main/resources/sagex/miniclient/desktop/MiniClientWindow.fxml
test_valitdate_build_install_lanuch.sh
